Archive member included to satisfy reference by file (symbol)

c:/program files (x86)/atmel/studio/7.0/toolchain/arm/arm-gnu-toolchain/bin/../lib/gcc/arm-none-eabi/6.3.1/../../../../arm-none-eabi/lib/thumb/v7e-m\libc_nano.a(lib_a-exit.o)
                              c:/program files (x86)/atmel/studio/7.0/toolchain/arm/arm-gnu-toolchain/bin/../lib/gcc/arm-none-eabi/6.3.1/../../../../arm-none-eabi/lib/thumb/v7e-m/crt0.o (exit)
c:/program files (x86)/atmel/studio/7.0/toolchain/arm/arm-gnu-toolchain/bin/../lib/gcc/arm-none-eabi/6.3.1/../../../../arm-none-eabi/lib/thumb/v7e-m\libc_nano.a(lib_a-impure.o)
                              c:/program files (x86)/atmel/studio/7.0/toolchain/arm/arm-gnu-toolchain/bin/../lib/gcc/arm-none-eabi/6.3.1/../../../../arm-none-eabi/lib/thumb/v7e-m\libc_nano.a(lib_a-exit.o) (_global_impure_ptr)
c:/program files (x86)/atmel/studio/7.0/toolchain/arm/arm-gnu-toolchain/bin/../lib/gcc/arm-none-eabi/6.3.1/../../../../arm-none-eabi/lib/thumb/v7e-m\libc_nano.a(lib_a-init.o)
                              c:/program files (x86)/atmel/studio/7.0/toolchain/arm/arm-gnu-toolchain/bin/../lib/gcc/arm-none-eabi/6.3.1/../../../../arm-none-eabi/lib/thumb/v7e-m/crt0.o (__libc_init_array)
c:/program files (x86)/atmel/studio/7.0/toolchain/arm/arm-gnu-toolchain/bin/../lib/gcc/arm-none-eabi/6.3.1/../../../../arm-none-eabi/lib/thumb/v7e-m\libc_nano.a(lib_a-memset.o)
                              c:/program files (x86)/atmel/studio/7.0/toolchain/arm/arm-gnu-toolchain/bin/../lib/gcc/arm-none-eabi/6.3.1/../../../../arm-none-eabi/lib/thumb/v7e-m/crt0.o (memset)
c:/program files (x86)/atmel/studio/7.0/toolchain/arm/arm-gnu-toolchain/bin/../lib/gcc/arm-none-eabi/6.3.1/../../../../arm-none-eabi/lib/thumb/v7e-m\libc_nano.a(lib_a-printf.o)
                              hal/utils/src/utils_syscalls.o (printf)
c:/program files (x86)/atmel/studio/7.0/toolchain/arm/arm-gnu-toolchain/bin/../lib/gcc/arm-none-eabi/6.3.1/../../../../arm-none-eabi/lib/thumb/v7e-m\libc_nano.a(lib_a-findfp.o)
                              c:/program files (x86)/atmel/studio/7.0/toolchain/arm/arm-gnu-toolchain/bin/../lib/gcc/arm-none-eabi/6.3.1/../../../../arm-none-eabi/lib/thumb/v7e-m\libc_nano.a(lib_a-printf.o) (__sinit)
c:/program files (x86)/atmel/studio/7.0/toolchain/arm/arm-gnu-toolchain/bin/../lib/gcc/arm-none-eabi/6.3.1/../../../../arm-none-eabi/lib/thumb/v7e-m\libc_nano.a(lib_a-fwalk.o)
                              c:/program files (x86)/atmel/studio/7.0/toolchain/arm/arm-gnu-toolchain/bin/../lib/gcc/arm-none-eabi/6.3.1/../../../../arm-none-eabi/lib/thumb/v7e-m\libc_nano.a(lib_a-findfp.o) (_fwalk)
c:/program files (x86)/atmel/studio/7.0/toolchain/arm/arm-gnu-toolchain/bin/../lib/gcc/arm-none-eabi/6.3.1/../../../../arm-none-eabi/lib/thumb/v7e-m\libc_nano.a(lib_a-nano-mallocr.o)
                              c:/program files (x86)/atmel/studio/7.0/toolchain/arm/arm-gnu-toolchain/bin/../lib/gcc/arm-none-eabi/6.3.1/../../../../arm-none-eabi/lib/thumb/v7e-m\libc_nano.a(lib_a-findfp.o) (_malloc_r)
c:/program files (x86)/atmel/studio/7.0/toolchain/arm/arm-gnu-toolchain/bin/../lib/gcc/arm-none-eabi/6.3.1/../../../../arm-none-eabi/lib/thumb/v7e-m\libc_nano.a(lib_a-nano-vfprintf.o)
                              c:/program files (x86)/atmel/studio/7.0/toolchain/arm/arm-gnu-toolchain/bin/../lib/gcc/arm-none-eabi/6.3.1/../../../../arm-none-eabi/lib/thumb/v7e-m\libc_nano.a(lib_a-printf.o) (_vfprintf_r)
c:/program files (x86)/atmel/studio/7.0/toolchain/arm/arm-gnu-toolchain/bin/../lib/gcc/arm-none-eabi/6.3.1/../../../../arm-none-eabi/lib/thumb/v7e-m\libc_nano.a(lib_a-nano-vfprintf_i.o)
                              c:/program files (x86)/atmel/studio/7.0/toolchain/arm/arm-gnu-toolchain/bin/../lib/gcc/arm-none-eabi/6.3.1/../../../../arm-none-eabi/lib/thumb/v7e-m\libc_nano.a(lib_a-nano-vfprintf.o) (_printf_i)
c:/program files (x86)/atmel/studio/7.0/toolchain/arm/arm-gnu-toolchain/bin/../lib/gcc/arm-none-eabi/6.3.1/../../../../arm-none-eabi/lib/thumb/v7e-m\libc_nano.a(lib_a-sbrkr.o)
                              c:/program files (x86)/atmel/studio/7.0/toolchain/arm/arm-gnu-toolchain/bin/../lib/gcc/arm-none-eabi/6.3.1/../../../../arm-none-eabi/lib/thumb/v7e-m\libc_nano.a(lib_a-nano-mallocr.o) (_sbrk_r)
c:/program files (x86)/atmel/studio/7.0/toolchain/arm/arm-gnu-toolchain/bin/../lib/gcc/arm-none-eabi/6.3.1/../../../../arm-none-eabi/lib/thumb/v7e-m\libc_nano.a(lib_a-stdio.o)
                              c:/program files (x86)/atmel/studio/7.0/toolchain/arm/arm-gnu-toolchain/bin/../lib/gcc/arm-none-eabi/6.3.1/../../../../arm-none-eabi/lib/thumb/v7e-m\libc_nano.a(lib_a-findfp.o) (__sread)
c:/program files (x86)/atmel/studio/7.0/toolchain/arm/arm-gnu-toolchain/bin/../lib/gcc/arm-none-eabi/6.3.1/../../../../arm-none-eabi/lib/thumb/v7e-m\libc_nano.a(lib_a-wbuf.o)
[...]
Memory Configuration

Name             Origin             Length             Attributes
rom              0x00400000         0x00200000         xr
ram              0x20400000         0x00060000         xrw
*default*        0x00000000         0xffffffff

Linker script and memory map

LOAD c:/program files (x86)/atmel/studio/7.0/toolchain/arm/arm-gnu-toolchain/bin/../lib/gcc/arm-none-eabi/6.3.1/thumb/v7e-m/crti.o
LOAD c:/program files (x86)/atmel/studio/7.0/toolchain/arm/arm-gnu-toolchain/bin/../lib/gcc/arm-none-eabi/6.3.1/thumb/v7e-m/crtbegin.o
LOAD c:/program files (x86)/atmel/studio/7.0/toolchain/arm/arm-gnu-toolchain/bin/../lib/gcc/arm-none-eabi/6.3.1/../../../../arm-none-eabi/lib/thumb/v7e-m/crt0.o
LOAD atmel_start.o
LOAD Device_Startup/startup_samv71q21.o
LOAD Device_Startup/system_samv71q21.o
LOAD driver_init.o
LOAD examples/driver_examples.o
LOAD hal/src/hal_atomic.o
LOAD hal/src/hal_delay.o
LOAD hal/src/hal_gpio.o
LOAD hal/src/hal_init.o
LOAD hal/src/hal_io.o
LOAD hal/src/hal_pwm.o
LOAD hal/src/hal_sleep.o
LOAD hal/utils/src/utils_assert.o
LOAD hal/utils/src/utils_event.o
LOAD hal/utils/src/utils_list.o
LOAD hal/utils/src/utils_syscalls.o
LOAD hpl/core/hpl_core_m7_base.o
LOAD hpl/core/hpl_init.o
LOAD hpl/pmc/hpl_pmc.o
LOAD hpl/pmc/hpl_sleep.o
LOAD hpl/pwm/hpl_pwm.o
LOAD hpl/xdmac/hpl_xdmac.o
LOAD main.o
START GROUP
LOAD c:/program files (x86)/atmel/studio/7.0/toolchain/arm/arm-gnu-toolchain/bin/../lib/gcc/arm-none-eabi/6.3.1/../../../../arm-none-eabi/lib/thumb/v7e-m\libm.a
END GROUP
START GROUP
LOAD c:/program files (x86)/atmel/studio/7.0/toolchain/arm/arm-gnu-toolchain/bin/../lib/gcc/arm-none-eabi/6.3.1/thumb/v7e-m\libgcc.a
LOAD c:/program files (x86)/atmel/studio/7.0/toolchain/arm/arm-gnu-toolchain/bin/../lib/gcc/arm-none-eabi/6.3.1/../../../../arm-none-eabi/lib/thumb/v7e-m\libc_nano.a
END GROUP
START GROUP
LOAD c:/program files (x86)/atmel/studio/7.0/toolchain/arm/arm-gnu-toolchain/bin/../lib/gcc/arm-none-eabi/6.3.1/thumb/v7e-m\libgcc.a
LOAD c:/program files (x86)/atmel/studio/7.0/toolchain/arm/arm-gnu-toolchain/bin/../lib/gcc/arm-none-eabi/6.3.1/../../../../arm-none-eabi/lib/thumb/v7e-m\libc_nano.a
END GROUP
LOAD c:/program files (x86)/atmel/studio/7.0/toolchain/arm/arm-gnu-toolchain/bin/../lib/gcc/arm-none-eabi/6.3.1/thumb/v7e-m/crtend.o
LOAD c:/program files (x86)/atmel/studio/7.0/toolchain/arm/arm-gnu-toolchain/bin/../lib/gcc/arm-none-eabi/6.3.1/thumb/v7e-m/crtn.o
                0x00000400                STACK_SIZE = DEFINED (STACK_SIZE)?STACK_SIZE:DEFINED (__stack_size__)?__stack_size__:0x400
                0x00000200                HEAP_SIZE = DEFINED (HEAP_SIZE)?HEAP_SIZE:DEFINED (__heap_size__)?__heap_size__:0x200

.text           0x00400000      0x820
                0x00400000                . = ALIGN (0x4)
                0x00400000                _sfixed = .
 *(.vectors .vectors.*)
 .vectors       0x00400000      0x154 Device_Startup/startup_samv71q21.o
                0x00400000                exception_table
 *(.text .text.* .gnu.linkonce.t.*)
 .text          0x00400154       0x6c c:/program files (x86)/atmel/studio/7.0/toolchain/arm/arm-gnu-toolchain/bin/../lib/gcc/arm-none-eabi/6.3.1/thumb/v7e-m/crtbegin.o
 .text.atmel_start_init
                0x004001c0        0xc atmel_start.o
                0x004001c0                atmel_start_init
 .text.Dummy_Handler
                0x004001cc        0x2 Device_Startup/startup_samv71q21.o
                0x004001cc                DACC_Handler
                0x004001cc                SVCall_Handler
                0x004001cc                UART3_Handler
                0x004001cc                UART2_Handler
                0x004001cc                TRNG_Handler
                0x004001cc                HardFault_Handler
                0x004001cc                TC2_Handler
                0x004001cc                SysTick_Handler
                0x004001cc                AFEC1_Handler
                0x004001cc                PendSV_Handler
                0x004001cc                TC7_Handler
                0x004001cc                QSPI_Handler
                0x004001cc                NonMaskableInt_Handler
                0x004001cc                ISI_Handler
                0x004001cc                MCAN0_INT0_Handler
                0x004001cc                TC9_Handler
                0x004001cc                RSWDT_Handler
                0x004001cc                USART0_Handler
                0x004001cc                RTT_Handler
                0x004001cc                USBHS_Handler
                0x004001cc                IXC_Handler
                0x004001cc                PIOB_Handler
                0x004001cc                RTC_Handler
                0x004001cc                UsageFault_Handler
                0x004001cc                TC6_Handler
                0x004001cc                WDT_Handler
                0x004001cc                MCAN1_INT1_Handler
                0x004001cc                TC4_Handler
                0x004001cc                TC1_Handler
                0x004001cc                HSMCI_Handler
                0x004001cc                UART1_Handler
                0x004001cc                TC3_Handler
                0x004001cc                Dummy_Handler
                0x004001cc                TWIHS1_Handler
                0x004001cc                XDMAC_Handler
                0x004001cc                UART4_Handler
                0x004001cc                PWM1_Handler
                0x004001cc                USART1_Handler
                0x004001cc                PIOA_Handler
                0x004001cc                AFEC0_Handler
                0x004001cc                SSC_Handler
                0x004001cc                TC11_Handler
                0x004001cc                ACC_Handler
                0x004001cc                PMC_Handler
                0x004001cc                GMAC_Handler
                0x004001cc                MCAN0_INT1_Handler
                0x004001cc                SUPC_Handler
                0x004001cc                TC8_Handler
                0x004001cc                MCAN1_INT0_Handler
                0x004001cc                EFC_Handler
                0x004001cc                GMAC_Q1_Handler
                0x004001cc                USART2_Handler
                0x004001cc                SDRAMC_Handler
                0x004001cc                GMAC_Q2_Handler
                0x004001cc                PIOE_Handler
                0x004001cc                SPI1_Handler
                0x004001cc                TC10_Handler
                0x004001cc                PIOD_Handler
                0x004001cc                TWIHS2_Handler
                0x004001cc                MLB_Handler
                0x004001cc                UART0_Handler
                0x004001cc                PIOC_Handler
                0x004001cc                FPU_Handler
                0x004001cc                BusFault_Handler
                0x004001cc                RSTC_Handler
                0x004001cc                TC0_Handler
                0x004001cc                MemoryManagement_Handler
                0x004001cc                DebugMonitor_Handler
                0x004001cc                TC5_Handler
                0x004001cc                ICM_Handler
                0x004001cc                AES_Handler
                0x004001cc                TWIHS0_Handler
                0x004001cc                SPI0_Handler
 *fill*         0x004001ce        0x2 
 .text.Reset_Handler
                0x004001d0       0x68 Device_Startup/startup_samv71q21.o
                0x004001d0                Reset_Handler
 .text.PWM_0_PORT_init
                0x00400238       0x74 driver_init.o
                0x00400238                PWM_0_PORT_init
 .text.PWM_0_CLOCK_init
                0x004002ac       0x18 driver_init.o
                0x004002ac                PWM_0_CLOCK_init
 .text.PWM_0_init
                0x004002c4       0x34 driver_init.o
                0x004002c4                PWM_0_init
 .text.system_init
                0x004002f8       0x24 driver_init.o
                0x004002f8                system_init
 .text.atomic_enter_critical
                0x0040031c        0xe hal/src/hal_atomic.o
                0x0040031c                atomic_enter_critical
 .text.atomic_leave_critical
                0x0040032a        0xc hal/src/hal_atomic.o
                0x0040032a                atomic_leave_critical
 .text.pwm_period_expired
                0x00400336        0xa hal/src/hal_pwm.o
 .text.pwm_detect_fault
                0x00400340        0xa hal/src/hal_pwm.o
 *fill*         0x0040034a        0x2 
 .text.pwm_init
                0x0040034c       0x44 hal/src/hal_pwm.o
                0x0040034c                pwm_init
 .text.pwm_enable
                0x00400390       0x3c hal/src/hal_pwm.o
                0x00400390                pwm_enable
 .text.assert   0x004003cc        0x6 hal/utils/src/utils_assert.o
                0x004003cc                assert
 *fill*         0x004003d2        0x2 
 .text._init_chip
                0x004003d4       0x54 hpl/core/hpl_init.o
                0x004003d4                _init_chip
 .text._pmc_init_sources
                0x00400428       0x50 hpl/pmc/hpl_pmc.o
 .text._pmc_init_master_clock
                0x00400478       0x4c hpl/pmc/hpl_pmc.o
 .text._pmc_init
                0x004004c4       0x14 hpl/pmc/hpl_pmc.o
                0x004004c4                _pmc_init
 .text._pwm_get_cfg
                0x004004d8       0x2c hpl/pwm/hpl_pwm.o
 .text._pwm_init_irq_param
                0x00400504       0x18 hpl/pwm/hpl_pwm.o
 .text._pwm_interrupt_handler
                0x0040051c       0x10 hpl/pwm/hpl_pwm.o
 .text.PWM0_Handler
                0x0040052c       0x14 hpl/pwm/hpl_pwm.o
                0x0040052c                PWM0_Handler
 .text._pwm_init
                0x00400540      0x138 hpl/pwm/hpl_pwm.o
                0x00400540                _pwm_init
 .text._pwm_enable
                0x00400678       0x44 hpl/pwm/hpl_pwm.o
                0x00400678                _pwm_enable
 .text._pwm_is_enabled
                0x004006bc       0x30 hpl/pwm/hpl_pwm.o
                0x004006bc                _pwm_is_enabled
 .text._pwm_get_pwm
                0x004006ec        0x4 hpl/pwm/hpl_pwm.o
                0x004006ec                _pwm_get_pwm
 .text.main     0x004006f0       0x1c main.o
                0x004006f0                main
 .text.__libc_init_array
                0x0040070c       0x48 c:/program files (x86)/atmel/studio/7.0/toolchain/arm/arm-gnu-toolchain/bin/../lib/gcc/arm-none-eabi/6.3.1/../../../../arm-none-eabi/lib/thumb/v7e-m\libc_nano.a(lib_a-init.o)
                0x0040070c                __libc_init_array
 *(.glue_7t)
 .glue_7t       0x00400754        0x0 linker stubs
 *(.glue_7)
 .glue_7        0x00400754        0x0 linker stubs
 *(.rodata .rodata* .gnu.linkonce.r.*)
 .rodata.str1.4
                0x00400754       0x15 hal/src/hal_pwm.o
 *fill*         0x00400769        0x3 
 .rodata        0x0040076c       0x7c hpl/pwm/hpl_pwm.o
 .rodata.str1.4
                0x004007e8       0x18 hpl/pwm/hpl_pwm.o
                                 0x15 (size before relaxing)
 *(.ARM.extab* .gnu.linkonce.armextab.*)
                0x00400800                . = ALIGN (0x4)
 *(.init)
 .init          0x00400800        0x4 c:/program files (x86)/atmel/studio/7.0/toolchain/arm/arm-gnu-toolchain/bin/../lib/gcc/arm-none-eabi/6.3.1/thumb/v7e-m/crti.o
                0x00400800                _init
 .init          0x00400804        0x8 c:/program files (x86)/atmel/studio/7.0/toolchain/arm/arm-gnu-toolchain/bin/../lib/gcc/arm-none-eabi/6.3.1/thumb/v7e-m/crtn.o
                0x0040080c                . = ALIGN (0x4)
                0x0040080c                __preinit_array_start = .
 *(.preinit_array)
                0x0040080c                __preinit_array_end = .
                0x0040080c                . = ALIGN (0x4)
                0x0040080c                __init_array_start = .
 *(SORT(.init_array.*))
 *(.init_array)
 .init_array    0x0040080c        0x4 c:/program files (x86)/atmel/studio/7.0/toolchain/arm/arm-gnu-toolchain/bin/../lib/gcc/arm-none-eabi/6.3.1/thumb/v7e-m/crtbegin.o
                0x00400810                __init_array_end = .
                0x00400810                . = ALIGN (0x4)
 *crtbegin.o(.ctors)
 *(EXCLUDE_FILE(*crtend.o) .ctors)
 *(SORT(.ctors.*))
 *crtend.o(.ctors)
                0x00400810                . = ALIGN (0x4)
 *(.fini)
 .fini          0x00400810        0x4 c:/program files (x86)/atmel/studio/7.0/toolchain/arm/arm-gnu-toolchain/bin/../lib/gcc/arm-none-eabi/6.3.1/thumb/v7e-m/crti.o
                0x00400810                _fini
 .fini          0x00400814        0x8 c:/program files (x86)/atmel/studio/7.0/toolchain/arm/arm-gnu-toolchain/bin/../lib/gcc/arm-none-eabi/6.3.1/thumb/v7e-m/crtn.o
                0x0040081c                . = ALIGN (0x4)
                0x0040081c                __fini_array_start = .
 *(.fini_array)
 .fini_array    0x0040081c        0x4 c:/program files (x86)/atmel/studio/7.0/toolchain/arm/arm-gnu-toolchain/bin/../lib/gcc/arm-none-eabi/6.3.1/thumb/v7e-m/crtbegin.o
 *(SORT(.fini_array.*))
                0x00400820                __fini_array_end = .
 *crtbegin.o(.dtors)
 *(EXCLUDE_FILE(*crtend.o) .dtors)
 *(SORT(.dtors.*))
 *crtend.o(.dtors)
                0x00400820                . = ALIGN (0x4)
                0x00400820                _efixed = .
                [!provide]                PROVIDE (__exidx_start, .)

.vfp11_veneer   0x00400820        0x0
 .vfp11_veneer  0x00400820        0x0 linker stubs

.v4_bx          0x00400820        0x0
 .v4_bx         0x00400820        0x0 linker stubs

.iplt           0x00400820        0x0
 .iplt          0x00400820        0x0 c:/program files (x86)/atmel/studio/7.0/toolchain/arm/arm-gnu-toolchain/bin/../lib/gcc/arm-none-eabi/6.3.1/thumb/v7e-m/crtbegin.o

.eh_frame       0x00400820        0x0
 .eh_frame      0x00400820        0x0 c:/program files (x86)/atmel/studio/7.0/toolchain/arm/arm-gnu-toolchain/bin/../lib/gcc/arm-none-eabi/6.3.1/thumb/v7e-m/crtbegin.o

.rel.dyn        0x00400820        0x0
 .rel.iplt      0x00400820        0x0 c:/program files (x86)/atmel/studio/7.0/toolchain/arm/arm-gnu-toolchain/bin/../lib/gcc/arm-none-eabi/6.3.1/thumb/v7e-m/crtbegin.o

.jcr            0x00400820        0x0
 .jcr           0x00400820        0x0 c:/program files (x86)/atmel/studio/7.0/toolchain/arm/arm-gnu-toolchain/bin/../lib/gcc/arm-none-eabi/6.3.1/thumb/v7e-m/crtbegin.o

.igot.plt       0x00400820        0x0
 .igot.plt      0x00400820        0x0 c:/program files (x86)/atmel/studio/7.0/toolchain/arm/arm-gnu-toolchain/bin/../lib/gcc/arm-none-eabi/6.3.1/thumb/v7e-m/crtbegin.o

.ARM.exidx
 *(.ARM.exidx* .gnu.linkonce.armexidx.*)
                [!provide]                PROVIDE (__exidx_end, .)
                0x00400820                . = ALIGN (0x4)
                0x00400820                _etext = .

.relocate       0x20400000        0x0 load address 0x00400820
                0x20400000                . = ALIGN (0x4)
                0x20400000                _srelocate = .
 *(.ramfunc .ramfunc.*)
 *(.data .data.*)
                0x20400000                . = ALIGN (0x4)
                0x20400000                _erelocate = .

.bss            0x20400000       0x48
                0x20400000                . = ALIGN (0x4)
                0x20400000                _sbss = .
                0x20400000                _szero = .
 *(.bss .bss.*)
 .bss           0x20400000       0x1c c:/program files (x86)/atmel/studio/7.0/toolchain/arm/arm-gnu-toolchain/bin/../lib/gcc/arm-none-eabi/6.3.1/thumb/v7e-m/crtbegin.o
 .bss           0x2040001c       0x10 hpl/pwm/hpl_pwm.o
 *(COMMON)
 COMMON         0x2040002c       0x1c driver_init.o
                0x2040002c                PWM_0
                0x20400048                . = ALIGN (0x4)
                0x20400048                _ebss = .
                0x20400048                _ezero = .

.heap           0x20400048      0x200
                0x20400048                . = ALIGN (0x8)
                0x20400048                _sheap = .
                0x20400248                . = (. + HEAP_SIZE)
 *fill*         0x20400048      0x200 
                0x20400248                . = ALIGN (0x8)
                0x20400248                _eheap = .

.stack          0x20400248      0x400
                0x20400248                . = ALIGN (0x8)
                0x20400248                _sstack = .
                0x20400648                . = (. + STACK_SIZE)
 *fill*         0x20400248      0x400 
                0x20400648                . = ALIGN (0x8)
                0x20400648                _estack = .
                0x20400648                . = ALIGN (0x4)
                0x20400648                _end = .
                0x2045ffff                _ram_end_ = ((ORIGIN (ram) + LENGTH (ram)) - 0x1)
OUTPUT(pwmGenerator.elf elf32-littlearm)

.ARM.attributes
                0x00000000       0x2e
 .ARM.attributes
                0x00000000       0x1e c:/program files (x86)/atmel/studio/7.0/toolchain/arm/arm-gnu-toolchain/bin/../lib/gcc/arm-none-eabi/6.3.1/thumb/v7e-m/crti.o
 .ARM.attributes
                0x0000001e       0x2e c:/program files (x86)/atmel/studio/7.0/toolchain/arm/arm-gnu-toolchain/bin/../lib/gcc/arm-none-eabi/6.3.1/thumb/v7e-m/crtbegin.o
 .ARM.attributes
                0x0000004c       0x37 atmel_start.o
 .ARM.attributes
                0x00000083       0x37 Device_Startup/startup_samv71q21.o
 .ARM.attributes
                0x000000ba       0x37 driver_init.o
 .ARM.attributes
                0x000000f1       0x37 hal/src/hal_atomic.o
 .ARM.attributes
                0x00000128       0x37 hal/src/hal_pwm.o
 .ARM.attributes
                0x0000015f       0x37 hal/utils/src/utils_assert.o
 .ARM.attributes
                0x00000196       0x37 hpl/core/hpl_init.o
 .ARM.attributes
                0x000001cd       0x37 hpl/pmc/hpl_pmc.o
 .ARM.attributes
                0x00000204       0x37 hpl/pwm/hpl_pwm.o
 .ARM.attributes
                0x0000023b       0x37 main.o
 .ARM.attributes
                0x00000272       0x2e c:/program files (x86)/atmel/studio/7.0/toolchain/arm/arm-gnu-toolchain/bin/../lib/gcc/arm-none-eabi/6.3.1/../../../../arm-none-eabi/lib/thumb/v7e-m\libc_nano.a(lib_a-init.o)
 .ARM.attributes
                0x000002a0       0x1e c:/program files (x86)/atmel/studio/7.0/toolchain/arm/arm-gnu-toolchain/bin/../lib/gcc/arm-none-eabi/6.3.1/thumb/v7e-m/crtn.o

.comment        0x00000000       0x59
 .comment       0x00000000       0x59 atmel_start.o
                                 0x5a (size before relaxing)
 .comment       0x00000059       0x5a Device_Startup/startup_samv71q21.o
 .comment       0x00000059       0x5a driver_init.o
 .comment       0x00000059       0x5a hal/src/hal_atomic.o
 .comment       0x00000059       0x5a hal/src/hal_pwm.o
 .comment       0x00000059       0x5a hal/utils/src/utils_assert.o
 .comment       0x00000059       0x5a hpl/core/hpl_init.o
 .comment       0x00000059       0x5a hpl/pmc/hpl_pmc.o
 .comment       0x00000059       0x5a hpl/pwm/hpl_pwm.o
 .comment       0x00000059       0x5a main.o

.debug_info     0x00000000     0x62d6
 .debug_info    0x00000000      0x23f atmel_start.o
 .debug_info    0x0000023f      0xadd Device_Startup/startup_samv71q21.o
 .debug_info    0x00000d1c     0x1a77 driver_init.o
 .debug_info    0x00002793      0x1fa hal/src/hal_atomic.o
 .debug_info    0x0000298d      0x818 hal/src/hal_pwm.o
 .debug_info    0x000031a5      0x130 hal/utils/src/utils_assert.o
 .debug_info    0x000032d5      0x6f6 hpl/core/hpl_init.o
 .debug_info    0x000039cb      0x8d9 hpl/pmc/hpl_pmc.o
 .debug_info    0x000042a4     0x1dd9 hpl/pwm/hpl_pwm.o
 .debug_info    0x0000607d      0x259 main.o

.debug_abbrev   0x00000000     0x1088
 .debug_abbrev  0x00000000       0xf0 atmel_start.o
 .debug_abbrev  0x000000f0      0x153 Device_Startup/startup_samv71q21.o
 .debug_abbrev  0x00000243      0x2e2 driver_init.o
 .debug_abbrev  0x00000525      0x155 hal/src/hal_atomic.o
 .debug_abbrev  0x0000067a      0x198 hal/src/hal_pwm.o
 .debug_abbrev  0x00000812       0x9e hal/utils/src/utils_assert.o
 .debug_abbrev  0x000008b0      0x1e7 hpl/core/hpl_init.o
 .debug_abbrev  0x00000a97      0x1b7 hpl/pmc/hpl_pmc.o
 .debug_abbrev  0x00000c4e      0x348 hpl/pwm/hpl_pwm.o
 .debug_abbrev  0x00000f96       0xf2 main.o

.debug_loc      0x00000000     0x1353
 .debug_loc     0x00000000       0x20 atmel_start.o
 .debug_loc     0x00000020       0x78 Device_Startup/startup_samv71q21.o
 .debug_loc     0x00000098      0x1a8 driver_init.o
 .debug_loc     0x00000240       0x13 hal/src/hal_atomic.o
 .debug_loc     0x00000253      0x39c hal/src/hal_pwm.o
 .debug_loc     0x000005ef       0x77 hpl/core/hpl_init.o
 .debug_loc     0x00000666      0x204 hpl/pmc/hpl_pmc.o
 .debug_loc     0x0000086a      0xac9 hpl/pwm/hpl_pwm.o
 .debug_loc     0x00001333       0x20 main.o

.debug_aranges  0x00000000      0x228
 .debug_aranges
                0x00000000       0x20 atmel_start.o
 .debug_aranges
                0x00000020       0x28 Device_Startup/startup_samv71q21.o
 .debug_aranges
                0x00000048       0x38 driver_init.o
 .debug_aranges
                0x00000080       0x30 hal/src/hal_atomic.o
 .debug_aranges
                0x000000b0       0x60 hal/src/hal_pwm.o
 .debug_aranges
                0x00000110       0x20 hal/utils/src/utils_assert.o
 .debug_aranges
                0x00000130       0x20 hpl/core/hpl_init.o
 .debug_aranges
                0x00000150       0x30 hpl/pmc/hpl_pmc.o
 .debug_aranges
                0x00000180       0x88 hpl/pwm/hpl_pwm.o
 .debug_aranges
                0x00000208       0x20 main.o

.debug_ranges   0x00000000      0x188
 .debug_ranges  0x00000000       0x10 atmel_start.o
 .debug_ranges  0x00000010       0x18 Device_Startup/startup_samv71q21.o
 .debug_ranges  0x00000028       0x28 driver_init.o
 .debug_ranges  0x00000050       0x20 hal/src/hal_atomic.o
 .debug_ranges  0x00000070       0x50 hal/src/hal_pwm.o
 .debug_ranges  0x000000c0       0x10 hal/utils/src/utils_assert.o
 .debug_ranges  0x000000d0       0x10 hpl/core/hpl_init.o
 .debug_ranges  0x000000e0       0x20 hpl/pmc/hpl_pmc.o
 .debug_ranges  0x00000100       0x78 hpl/pwm/hpl_pwm.o
 .debug_ranges  0x00000178       0x10 main.o

.debug_macro    0x00000000    0x372ac
 .debug_macro   0x00000000      0x6de atmel_start.o
 .debug_macro   0x000006de      0x8b0 atmel_start.o
 .debug_macro   0x00000f8e      0x16d atmel_start.o
 .debug_macro   0x000010fb       0x22 atmel_start.o
 .debug_macro   0x0000111d       0x87 atmel_start.o
 .debug_macro   0x000011a4       0x51 atmel_start.o
 .debug_macro   0x000011f5       0xef atmel_start.o
 .debug_macro   0x000012e4       0x6a atmel_start.o
 .debug_macro   0x0000134e      0x1df atmel_start.o
 .debug_macro   0x0000152d       0x22 atmel_start.o
 .debug_macro   0x0000154f       0xd7 atmel_start.o
 .debug_macro   0x00001626       0x1c atmel_start.o
 .debug_macro   0x00001642       0x22 atmel_start.o
 .debug_macro   0x00001664       0xdf atmel_start.o
 .debug_macro   0x00001743     0x12cd atmel_start.o
 .debug_macro   0x00002a10      0x11f atmel_start.o
 .debug_macro   0x00002b2f       0x19 atmel_start.o
 .debug_macro   0x00002b48      0x421 atmel_start.o
 .debug_macro   0x00002f69      0x72e atmel_start.o
 .debug_macro   0x00003697     0x17d6 atmel_start.o
 .debug_macro   0x00004e6d      0x391 atmel_start.o
 .debug_macro   0x000051fe      0x86f atmel_start.o
 .debug_macro   0x00005a6d      0x355 atmel_start.o
 .debug_macro   0x00005dc2     0x3594 atmel_start.o
 .debug_macro   0x00009356       0x40 atmel_start.o
 .debug_macro   0x00009396     0x109d atmel_start.o
 .debug_macro   0x0000a433      0x57b atmel_start.o
 .debug_macro   0x0000a9ae      0xbce atmel_start.o
 .debug_macro   0x0000b57c      0x599 atmel_start.o
 .debug_macro   0x0000bb15     0x32d1 atmel_start.o
 .debug_macro   0x0000ede6      0x6bf atmel_start.o
 .debug_macro   0x0000f4a5     0x843e atmel_start.o
 .debug_macro   0x000178e3     0x32be atmel_start.o
 .debug_macro   0x0001aba1     0x2483 atmel_start.o
 .debug_macro   0x0001d024      0x8be atmel_start.o
 .debug_macro   0x0001d8e2      0x17d atmel_start.o
 .debug_macro   0x0001da5f      0x118 atmel_start.o
 .debug_macro   0x0001db77      0x948 atmel_start.o
 .debug_macro   0x0001e4bf      0x125 atmel_start.o
 .debug_macro   0x0001e5e4      0x542 atmel_start.o
 .debug_macro   0x0001eb26      0x41f atmel_start.o
 .debug_macro   0x0001ef45      0x6db atmel_start.o
 .debug_macro   0x0001f620      0xba3 atmel_start.o
 .debug_macro   0x000201c3      0xf42 atmel_start.o
 .debug_macro   0x00021105      0xbf2 atmel_start.o
 .debug_macro   0x00021cf7      0x163 atmel_start.o
 .debug_macro   0x00021e5a      0xc6a atmel_start.o
 .debug_macro   0x00022ac4      0x65a atmel_start.o
 .debug_macro   0x0002311e     0x125c atmel_start.o
 .debug_macro   0x0002437a     0x36d3 atmel_start.o
 .debug_macro   0x00027a4d       0xc4 atmel_start.o
 .debug_macro   0x00027b11      0x12d atmel_start.o
 .debug_macro   0x00027c3e     0x27c6 atmel_start.o
 .debug_macro   0x0002a404       0x4c atmel_start.o
 .debug_macro   0x0002a450      0x14f atmel_start.o
 .debug_macro   0x0002a59f       0xca atmel_start.o
 .debug_macro   0x0002a669       0xca atmel_start.o
 .debug_macro   0x0002a733       0x16 atmel_start.o
 .debug_macro   0x0002a749       0x7c atmel_start.o
 .debug_macro   0x0002a7c5       0x46 atmel_start.o
 .debug_macro   0x0002a80b      0x574 atmel_start.o
 .debug_macro   0x0002ad7f       0x40 atmel_start.o
 .debug_macro   0x0002adbf      0x7ce atmel_start.o
 .debug_macro   0x0002b58d       0x82 atmel_start.o
 .debug_macro   0x0002b60f       0xac atmel_start.o
 .debug_macro   0x0002b6bb      0x132 atmel_start.o
 .debug_macro   0x0002b7ed      0x129 atmel_start.o
 .debug_macro   0x0002b916      0x129 atmel_start.o
 .debug_macro   0x0002ba3f       0xe8 atmel_start.o
 .debug_macro   0x0002bb27      0x188 atmel_start.o
 .debug_macro   0x0002bcaf      0x181 atmel_start.o
 .debug_macro   0x0002be30      0x181 atmel_start.o
 .debug_macro   0x0002bfb1      0x181 atmel_start.o
 .debug_macro   0x0002c132      0x181 atmel_start.o
 .debug_macro   0x0002c2b3      0x139 atmel_start.o
 .debug_macro   0x0002c3ec      0x31a atmel_start.o
 .debug_macro   0x0002c706      0x31a atmel_start.o
 .debug_macro   0x0002ca20       0x82 atmel_start.o
 .debug_macro   0x0002caa2       0x22 atmel_start.o
 .debug_macro   0x0002cac4       0x22 atmel_start.o
 .debug_macro   0x0002cae6       0x5e atmel_start.o
 .debug_macro   0x0002cb44       0x28 atmel_start.o
 .debug_macro   0x0002cb6c       0x64 atmel_start.o
 .debug_macro   0x0002cbd0       0x94 atmel_start.o
 .debug_macro   0x0002cc64       0x7c atmel_start.o
 .debug_macro   0x0002cce0       0x7c atmel_start.o
 .debug_macro   0x0002cd5c       0x8e atmel_start.o
 .debug_macro   0x0002cdea       0x3a atmel_start.o
 .debug_macro   0x0002ce24      0x14e atmel_start.o
 .debug_macro   0x0002cf72      0x14e atmel_start.o
 .debug_macro   0x0002d0c0      0x14e atmel_start.o
 .debug_macro   0x0002d20e      0x14e atmel_start.o
 .debug_macro   0x0002d35c       0x3a atmel_start.o
 .debug_macro   0x0002d396       0x88 atmel_start.o
 .debug_macro   0x0002d41e       0x88 atmel_start.o
 .debug_macro   0x0002d4a6       0x88 atmel_start.o
 .debug_macro   0x0002d52e       0x64 atmel_start.o
 .debug_macro   0x0002d592       0x64 atmel_start.o
 .debug_macro   0x0002d5f6       0x64 atmel_start.o
 .debug_macro   0x0002d65a       0x64 atmel_start.o
 .debug_macro   0x0002d6be       0x64 atmel_start.o
 .debug_macro   0x0002d722       0xdc atmel_start.o
 .debug_macro   0x0002d7fe       0xdc atmel_start.o
 .debug_macro   0x0002d8da       0xdc atmel_start.o
 .debug_macro   0x0002d9b6      0x734 atmel_start.o
 .debug_macro   0x0002e0ea       0x16 atmel_start.o
 .debug_macro   0x0002e100       0x22 atmel_start.o
 .debug_macro   0x0002e122      0x9bf atmel_start.o
 .debug_macro   0x0002eae1      0x575 atmel_start.o
 .debug_macro   0x0002f056     0x300c atmel_start.o
 .debug_macro   0x00032062      0x169 atmel_start.o
 .debug_macro   0x000321cb       0x10 atmel_start.o
 .debug_macro   0x000321db       0x10 atmel_start.o
 .debug_macro   0x000321eb       0x16 atmel_start.o
 .debug_macro   0x00032201       0x16 atmel_start.o
 .debug_macro   0x00032217       0x16 atmel_start.o
 .debug_macro   0x0003222d       0x16 atmel_start.o
 .debug_macro   0x00032243       0x16 atmel_start.o
 .debug_macro   0x00032259       0x16 atmel_start.o
 .debug_macro   0x0003226f       0x16 atmel_start.o
 .debug_macro   0x00032285       0x16 atmel_start.o
 .debug_macro   0x0003229b       0x16 atmel_start.o
 .debug_macro   0x000322b1       0x16 atmel_start.o
 .debug_macro   0x000322c7       0x16 atmel_start.o
 .debug_macro   0x000322dd       0x16 atmel_start.o
 .debug_macro   0x000322f3       0x16 atmel_start.o
 .debug_macro   0x00032309       0x16 atmel_start.o
 .debug_macro   0x0003231f       0x16 atmel_start.o
 .debug_macro   0x00032335       0x16 atmel_start.o
 .debug_macro   0x0003234b       0x16 atmel_start.o
 .debug_macro   0x00032361       0x16 atmel_start.o
 .debug_macro   0x00032377       0x16 atmel_start.o
 .debug_macro   0x0003238d       0x16 atmel_start.o
 .debug_macro   0x000323a3       0x16 atmel_start.o
 .debug_macro   0x000323b9       0x16 atmel_start.o
 .debug_macro   0x000323cf       0x16 atmel_start.o
 .debug_macro   0x000323e5       0x16 atmel_start.o
 .debug_macro   0x000323fb       0x16 atmel_start.o
 .debug_macro   0x00032411       0x16 atmel_start.o
 .debug_macro   0x00032427       0x16 atmel_start.o
 .debug_macro   0x0003243d       0x16 atmel_start.o
 .debug_macro   0x00032453       0x16 atmel_start.o
 .debug_macro   0x00032469       0x16 atmel_start.o
 .debug_macro   0x0003247f       0x16 atmel_start.o
 .debug_macro   0x00032495       0x16 atmel_start.o
 .debug_macro   0x000324ab       0x16 atmel_start.o
 .debug_macro   0x000324c1       0x16 atmel_start.o
 .debug_macro   0x000324d7       0x16 atmel_start.o
 .debug_macro   0x000324ed       0xca atmel_start.o
 .debug_macro   0x000325b7       0x1c atmel_start.o
 .debug_macro   0x000325d3       0x16 atmel_start.o
 .debug_macro   0x000325e9       0x34 atmel_start.o
 .debug_macro   0x0003261d      0x460 Device_Startup/startup_samv71q21.o
 .debug_macro   0x00032a7d       0xd1 Device_Startup/startup_samv71q21.o
 .debug_macro   0x00032b4e      0x6fc driver_init.o
 .debug_macro   0x0003324a       0x10 driver_init.o
 .debug_macro   0x0003325a       0x3a driver_init.o
 .debug_macro   0x00033294       0xc9 driver_init.o
 .debug_macro   0x0003335d      0x61d hal/src/hal_atomic.o
 .debug_macro   0x0003397a      0x652 hal/src/hal_pwm.o
 .debug_macro   0x00033fcc      0x627 hal/utils/src/utils_assert.o
 .debug_macro   0x000345f3       0x10 hal/utils/src/utils_assert.o
 .debug_macro   0x00034603      0x695 hpl/core/hpl_init.o
 .debug_macro   0x00034c98      0x324 hpl/core/hpl_init.o
 .debug_macro   0x00034fbc      0x9df hpl/core/hpl_init.o
 .debug_macro   0x0003599b      0x646 hpl/pmc/hpl_pmc.o
 .debug_macro   0x00035fe1      0x68c hpl/pwm/hpl_pwm.o
 .debug_macro   0x0003666d      0x555 hpl/pwm/hpl_pwm.o
 .debug_macro   0x00036bc2      0x6ea main.o

.debug_line     0x00000000     0x78d1
 .debug_line    0x00000000      0xc5a atmel_start.o
 .debug_line    0x00000c5a      0x84f Device_Startup/startup_samv71q21.o
 .debug_line    0x000014a9      0xd2e driver_init.o
 .debug_line    0x000021d7      0xb8f hal/src/hal_atomic.o
 .debug_line    0x00002d66      0xc35 hal/src/hal_pwm.o
 .debug_line    0x0000399b      0xb64 hal/utils/src/utils_assert.o
 .debug_line    0x000044ff      0xc4a hpl/core/hpl_init.o
 .debug_line    0x00005149      0xc55 hpl/pmc/hpl_pmc.o
 .debug_line    0x00005d9e      0xedf hpl/pwm/hpl_pwm.o
 .debug_line    0x00006c7d      0xc54 main.o

.debug_str      0x00000000   0x12591d
 .debug_str     0x00000000   0x11d44d atmel_start.o
                             0x11de3f (size before relaxing)
 .debug_str     0x0011d44d      0x737 Device_Startup/startup_samv71q21.o
                             0x11cec7 (size before relaxing)
 .debug_str     0x0011db84      0xf39 driver_init.o
                             0x11eda6 (size before relaxing)
 .debug_str     0x0011eabd       0xbe hal/src/hal_atomic.o
                             0x11daf9 (size before relaxing)
 .debug_str     0x0011eb7b      0x197 hal/src/hal_pwm.o
                             0x11e284 (size before relaxing)
 .debug_str     0x0011ed12       0x2f hal/utils/src/utils_assert.o
                             0x11db09 (size before relaxing)
 .debug_str     0x0011ed41     0x30a7 hpl/core/hpl_init.o
                             0x120f24 (size before relaxing)
 .debug_str     0x00121de8      0x1d6 hpl/pmc/hpl_pmc.o
                             0x11eb68 (size before relaxing)
 .debug_str     0x00121fbe     0x3921 hpl/pwm/hpl_pwm.o
                             0x121ef5 (size before relaxing)
 .debug_str     0x001258df       0x3e main.o
                             0x11de6e (size before relaxing)

.debug_frame    0x00000000      0x438
 .debug_frame   0x00000000       0x28 atmel_start.o
 .debug_frame   0x00000028       0x38 Device_Startup/startup_samv71q21.o
 .debug_frame   0x00000060       0x60 driver_init.o
 .debug_frame   0x000000c0       0x40 hal/src/hal_atomic.o
 .debug_frame   0x00000100       0xec hal/src/hal_pwm.o
 .debug_frame   0x000001ec       0x20 hal/utils/src/utils_assert.o
 .debug_frame   0x0000020c       0x2c hpl/core/hpl_init.o
 .debug_frame   0x00000238       0x48 hpl/pmc/hpl_pmc.o
 .debug_frame   0x00000280      0x164 hpl/pwm/hpl_pwm.o
 .debug_frame   0x000003e4       0x28 main.o
 .debug_frame   0x0000040c       0x2c c:/program files (x86)/atmel/studio/7.0/toolchain/arm/arm-gnu-toolchain/bin/../lib/gcc/arm-none-eabi/6.3.1/../../../../arm-none-eabi/lib/thumb/v7e-m\libc_nano.a(lib_a-init.o)
